
<!--=====================================================================
Created via the Lexical Import process: 10/17/2016 2:55:26 PM
===================================================================== -->
<sfmMapping version="6.0">

<!--=====================================================================
Global Settings
===================================================================== -->
<settings>
<meaning app="fw.sil.org"/>
</settings>

<!--=====================================================================
Language Definitions
===================================================================== -->
<languages>
<langDef id="National" xml:lang="ignore"/>
<langDef id="English" xml:lang="en"/>
<langDef id="Vernacular" xml:lang="nko"/>
<langDef id="NkonyaPhonetic" xml:lang="nko-Qaaa-x-NkoP"/>
<langDef id="Regional" xml:lang="ignore"/>
</languages>

<!--=====================================================================
Level Hierarchy
===================================================================== -->
<hierarchy>
<level name="Entry" partOf="records" beginFields="lx" additionalFields="cf ce dt ph vaa vaaph lt nt hm" multiFields="ce cf ph vaa vaaph lt nt"/>
<level name="Etymology" partOf="Entry Subentry" beginFields="ignore" additionalFields="bw"/>
<level name="Example" partOf="Sense" beginFields="rf xv"/>
<level name="ExampleTranslation" partOf="Example" beginFields="xe" additionalFields="xl" multiFields="xl"/>
<level name="Function" partOf="Subentry Sense Entry" beginFields="ignore"/>
<level name="Picture" partOf="Sense" beginFields="ignore"/>
<level name="Pronunciation" partOf="Entry Subentry" beginFields="ignore"/>
<level name="SemanticDomain" partOf="Sense" beginFields="is"/>
<level name="Sense" partOf="Entry Subentry" beginFields="ps ge sn" additionalFields="sc an ee np de sy na ue bb ng" multiFields="an ee np de sy na ue bb ng"/>
<level name="Subentry" partOf="Entry" beginFields="se" uniqueFields="se"/>
<level name="Variant" partOf="Subentry Sense Entry" beginFields="plph pl" additionalFields="vaph va ve sgph sg vad vas" multiFields="vaph va ve sgph sg vad vas" uniqueFields="vad sg vas pl va"/>
</hierarchy>

<!--=====================================================================
Field Descriptions
===================================================================== -->
<fieldDescriptions>
<field sfm="an" name="Anthro Note" type="string" lang="English" >
<meaning app="fw.sil.org" id="anote"/>
</field>
<field sfm="bb" name="Bibliography (Sense)" type="string" lang="English" >
<meaning app="fw.sil.org" id="sbib"/>
</field>
<field sfm="bw" name="Etymology Source" type="string" lang="English" >
<meaning app="fw.sil.org" id="ets"/>
</field>
<field sfm="ce" name="Import Residue (Entry)" type="string" lang="English" >
<meaning app="fw.sil.org" id="eires"/>
</field>
<field sfm="cf" name="Cross Reference" type="string" lang="Vernacular" >
<meaning app="fw.sil.org" id="cref" funcWS="en" func="Compare"/>
</field>
<field sfm="de" name="Definition" type="string" lang="English" >
<meaning app="fw.sil.org" id="def"/>
</field>
<field sfm="dt" name="Date Modified" type="date" lang="English" >
<meaning app="fw.sil.org" id="mod"/>
</field>
<field sfm="ee" name="Encyclopedic Info" type="string" lang="English" >
<meaning app="fw.sil.org" id="enc"/>
</field>
<field sfm="ge" name="Gloss" type="string" lang="English" >
<meaning app="fw.sil.org" id="glos"/>
</field>
<field sfm="hm" name="Homograph Number" type="string" lang="English" >
<meaning app="fw.sil.org" id="hom"/>
</field>
<field sfm="is" name="Semantic Domain" type="string" lang="English" abbr="True" >
<meaning app="fw.sil.org" id="sem"/>
</field>
<field sfm="lt" name="Literal Meaning" type="string" lang="English" >
<meaning app="fw.sil.org" id="litm"/>
</field>
<field sfm="lx" name="Lexeme Form" type="string" lang="Vernacular" >
<meaning app="fw.sil.org" id="lex"/>
</field>
<field sfm="na" name="Anthro Note" type="string" lang="English" >
<meaning app="fw.sil.org" id="anote"/>
</field>
<field sfm="ng" name="Grammar Note" type="string" lang="English" >
<meaning app="fw.sil.org" id="grnote"/>
</field>
<field sfm="np" name="Phonology Note" type="string" lang="English" >
<meaning app="fw.sil.org" id="pnote"/>
</field>
<field sfm="nt" name="Note" type="string" lang="English" >
<meaning app="fw.sil.org" id="com"/>
</field>
<field sfm="ph" name="Lexeme Form" type="string" lang="NkonyaPhonetic" >
<meaning app="fw.sil.org" id="lex"/>
</field>
<field sfm="pl" name="Variant Form" type="string" lang="Vernacular" >
<meaning app="fw.sil.org" id="var" funcWS="en" func="Plural"/>
</field>
<field sfm="plph" name="Import Residue (Variant)" type="string" lang="NkonyaPhonetic" >
<meaning app="fw.sil.org" id="veires"/>
</field>
<field sfm="ps" name="Category (Part Of Speech)" type="string" lang="English" abbr="True" >
<meaning app="fw.sil.org" id="pos"/>
</field>
<field sfm="rf" name="Reference" type="string" lang="English" >
<meaning app="fw.sil.org" id="ref"/>
</field>
<field sfm="sc" name="Scientific Name" type="string" lang="English" >
<meaning app="fw.sil.org" id="sci"/>
</field>
<field sfm="se" name="Subentry/Complex Form" type="string" lang="Vernacular" >
<meaning app="fw.sil.org" id="sub" funcWS="en" func="Compound"/>
</field>
<field sfm="sg" name="Variant Form" type="string" lang="Vernacular" >
<meaning app="fw.sil.org" id="var" funcWS="en" func="Singular"/>
</field>
<field sfm="sgph" name="Import Residue (Variant)" type="string" lang="NkonyaPhonetic" >
<meaning app="fw.sil.org" id="veires"/>
</field>
<field sfm="sn" name="Sense Number" type="string" lang="English" >
<meaning app="fw.sil.org" id="sn"/>
</field>
<field sfm="sy" name="Lexical Relation" type="string" lang="Vernacular" >
<meaning app="fw.sil.org" id="lxrel" funcWS="en" func="Synonyms"/>
</field>
<field sfm="ue" name="Usages" type="string" lang="English" abbr="False" >
<meaning app="fw.sil.org" id="utyp"/>
</field>
<field sfm="va" name="Variant Form" type="string" lang="Vernacular" >
<meaning app="fw.sil.org" id="var" funcWS="en" func="Free Variant"/>
</field>
<field sfm="vaa" name="Alternate Form (Allomorph)" type="string" lang="Vernacular" >
<meaning app="fw.sil.org" id="allo"/>
</field>
<field sfm="vaaph" name="Import Residue (Entry)" type="string" lang="NkonyaPhonetic" >
<meaning app="fw.sil.org" id="eires"/>
</field>
<field sfm="vad" name="Variant Form" type="string" lang="Vernacular" >
<meaning app="fw.sil.org" id="var" funcWS="en" func="Dialectal Variant"/>
</field>
<field sfm="vaph" name="Import Residue (Variant)" type="string" lang="NkonyaPhonetic" >
<meaning app="fw.sil.org" id="veires"/>
</field>
<field sfm="vas" name="Variant Form" type="string" lang="Vernacular" >
<meaning app="fw.sil.org" id="var" funcWS="en" func="Spelling Variant"/>
</field>
<field sfm="ve" name="Comment (Variant)" type="string" lang="English" >
<meaning app="fw.sil.org" id="varc"/>
</field>
<field sfm="xe" name="Example Translation" type="string" lang="English" >
<meaning app="fw.sil.org" id="trans"/>
</field>
<field sfm="xl" name="Example Translation" type="string" lang="English" >
<meaning app="fw.sil.org" id="trans"/>
</field>
<field sfm="xv" name="Example" type="string" lang="Vernacular" >
<meaning app="fw.sil.org" id="sent"/>
</field>
</fieldDescriptions>

<!--=====================================================================
In Field Markers
===================================================================== -->
<inFieldMarkers>
</inFieldMarkers>

<!--=====================================================================
Custom Field Descriptions
===================================================================== -->
<CustomFieldDescriptions>
</CustomFieldDescriptions>
</sfmMapping>
