
<!--=====================================================================
Created via the Lexical Import process: 8/25/2017 10:15:03 AM
===================================================================== -->
<sfmMapping version="6.1">

<!--=====================================================================
Global Settings
===================================================================== -->
<settings>
<meaning app="fw.sil.org"/>
</settings>

<!--=====================================================================
Import Options
===================================================================== -->
<options>
<option id="chkCreateMissingLinks" type="Checkbox" checked="False"/>
</options>

<!--=====================================================================
Language Definitions
===================================================================== -->
<languages>
<langDef id="English" xml:lang="en"/>
<langDef id="Vernacular" xml:lang="nko"/>
<langDef id="Regional" xml:lang="ignore"/>
<langDef id="National" xml:lang="ignore"/>
<langDef id="NkonyaPhonetic" xml:lang="nko-Qaaa-x-NkoP"/>
</languages>

<!--=====================================================================
Level Hierarchy
===================================================================== -->
<hierarchy>
<level name="Entry" partOf="records" beginFields="lx" additionalFields="hm ph mn ctyp dt lt" multiFields="ph mn ctyp lt"/>
<level name="Etymology" partOf="Subentry Entry" beginFields="ignore"/>
<level name="Example" partOf="Sense" beginFields="xv" additionalFields="rf"/>
<level name="ExampleTranslation" partOf="Example" beginFields="xe"/>
<level name="Function" partOf="Subentry Sense Entry" beginFields="ignore"/>
<level name="Picture" partOf="Sense" beginFields="ignore"/>
<level name="Pronunciation" partOf="Subentry Entry" beginFields="ignore"/>
<level name="SemanticDomain" partOf="Sense" beginFields="is"/>
<level name="Sense" partOf="Subentry Entry" beginFields="sn" additionalFields="de bb ps cf ge nt na" multiFields="de bb cf ge nt na"/>
<level name="Subentry" partOf="Entry" beginFields="ignore"/>
<level name="Variant" partOf="Subentry Sense Entry" beginFields="vad pl vas" additionalFields="vasph vadph ve plph" multiFields="vasph vadph ve plph" uniqueFields="vad pl vas"/>
</hierarchy>

<!--=====================================================================
Field Descriptions
===================================================================== -->
<fieldDescriptions>
<field sfm="bb" name="Bibliography (Sense)" type="string" lang="English" >
<meaning app="fw.sil.org" id="sbib"/>
</field>
<field sfm="cf" name="Lexical Relation" type="string" lang="Vernacular" >
<meaning app="fw.sil.org" id="lxrel" funcWS="en" func="Compare (sense)"/>
</field>
<field sfm="ctyp" name="Import Residue (Entry)" type="string" lang="English" >
<meaning app="fw.sil.org" id="eires"/>
</field>
<field sfm="de" name="Definition" type="string" lang="English" >
<meaning app="fw.sil.org" id="def"/>
</field>
<field sfm="dt" name="Date Modified" type="date" lang="English" >
<meaning app="fw.sil.org" id="mod"/>
</field>
<field sfm="ge" name="Gloss" type="string" lang="English" >
<meaning app="fw.sil.org" id="glos"/>
</field>
<field sfm="hm" name="Homograph Number" type="string" lang="English" >
<meaning app="fw.sil.org" id="hom"/>
</field>
<field sfm="is" name="Semantic Domain" type="string" lang="English" abbr="True" >
<meaning app="fw.sil.org" id="sem"/>
</field>
<field sfm="lt" name="Literal Meaning" type="string" lang="English" >
<meaning app="fw.sil.org" id="litm"/>
</field>
<field sfm="lx" name="Lexeme Form" type="string" lang="Vernacular" >
<meaning app="fw.sil.org" id="lex"/>
</field>
<field sfm="mn" name="Main Entry/Sense Reference" type="string" lang="Vernacular" >
<meaning app="fw.sil.org" id="meref"/>
</field>
<field sfm="na" name="Anthro Note" type="string" lang="Vernacular" >
<meaning app="fw.sil.org" id="anote"/>
</field>
<field sfm="nt" name="General Note" type="string" lang="Vernacular" >
<meaning app="fw.sil.org" id="gnote"/>
</field>
<field sfm="ph" name="Lexeme Form" type="string" lang="NkonyaPhonetic" >
<meaning app="fw.sil.org" id="lex"/>
</field>
<field sfm="pl" name="Variant Form" type="string" lang="Vernacular" >
<meaning app="fw.sil.org" id="var" funcWS="en" func="Plural"/>
</field>
<field sfm="plph" name="Import Residue (Variant)" type="string" lang="NkonyaPhonetic" >
<meaning app="fw.sil.org" id="veires"/>
</field>
<field sfm="ps" name="Category (Part Of Speech)" type="string" lang="English" abbr="True" >
<meaning app="fw.sil.org" id="pos"/>
</field>
<field sfm="rf" name="Reference" type="string" lang="English" >
<meaning app="fw.sil.org" id="ref"/>
</field>
<field sfm="sn" name="Sense Number" type="string" lang="English" >
<meaning app="fw.sil.org" id="sn"/>
</field>
<field sfm="vad" name="Variant Form" type="string" lang="Vernacular" >
<meaning app="fw.sil.org" id="var" funcWS="en" func="Dialectal Variant"/>
</field>
<field sfm="vadph" name="Import Residue (Variant)" type="string" lang="NkonyaPhonetic" >
<meaning app="fw.sil.org" id="veires"/>
</field>
<field sfm="vas" name="Variant Form" type="string" lang="Vernacular" >
<meaning app="fw.sil.org" id="var" funcWS="en" func="Spelling Variant"/>
</field>
<field sfm="vasph" name="Import Residue (Variant)" type="string" lang="NkonyaPhonetic" >
<meaning app="fw.sil.org" id="veires"/>
</field>
<field sfm="ve" name="Comment (Variant)" type="string" lang="English" >
<meaning app="fw.sil.org" id="varc"/>
</field>
<field sfm="xe" name="Example Translation" type="string" lang="English" >
<meaning app="fw.sil.org" id="trans"/>
</field>
<field sfm="xv" name="Example" type="string" lang="Vernacular" >
<meaning app="fw.sil.org" id="sent"/>
</field>
</fieldDescriptions>

<!--=====================================================================
In Field Markers
===================================================================== -->
<inFieldMarkers>
</inFieldMarkers>

<!--=====================================================================
Custom Field Descriptions
===================================================================== -->
<CustomFieldDescriptions>
</CustomFieldDescriptions>
</sfmMapping>
