
<!--=====================================================================
Created via the Lexical Import process: 7/21/2017 10:20:59 AM
===================================================================== -->
<sfmMapping version="6.1">

<!--=====================================================================
Global Settings
===================================================================== -->
<settings>
<meaning app="fw.sil.org"/>
</settings>

<!--=====================================================================
Import Options
===================================================================== -->
<options>
<option id="chkCreateMissingLinks" type="Checkbox" checked="False"/>
</options>

<!--=====================================================================
Language Definitions
===================================================================== -->
<languages>
<langDef id="English" xml:lang="en"/>
<langDef id="Vernacular" xml:lang="nko"/>
<langDef id="Regional" xml:lang="ignore"/>
<langDef id="National" xml:lang="ignore"/>
<langDef id="NkonyaPhonetic" xml:lang="nko-Qaaa-x-NkoP"/>
</languages>

<!--=====================================================================
Level Hierarchy
===================================================================== -->
<hierarchy>
<level name="Entry" partOf="records" beginFields="lx" additionalFields="hm ph mn nq dt lt" multiFields="ph mn nq lt"/>
<level name="Etymology" partOf="Subentry Entry" beginFields="bwl" additionalFields="bwc bwf ec" multiFields="bwc bwf ec"/>
<level name="Example" partOf="Sense" beginFields="xv" additionalFields="rf"/>
<level name="ExampleTranslation" partOf="Example" beginFields="xe" additionalFields="xl" multiFields="xl"/>
<level name="Function" partOf="Subentry Sense Entry" beginFields="ignore"/>
<level name="Picture" partOf="Sense" beginFields="ignore"/>
<level name="Pronunciation" partOf="Subentry Entry" beginFields="ignore"/>
<level name="SemanticDomain" partOf="Sense" beginFields="is"/>
<level name="Sense" partOf="Subentry Entry" beginFields="sn" additionalFields="ng np sc ns nt ctyp ee lf de ue sy cf bb na ge ps an" multiFields="ge np an ns nt ctyp ee lf de ue sy cf bb na ng"/>
<level name="Subentry" partOf="Entry" beginFields="seid seder sephv secmpd secmpx" additionalFields="seundef" multiFields="seundef" uniqueFields="seundef seid seder sephv secmpd secmpx"/>
<level name="Variant" partOf="Subentry Sense Entry" beginFields="vaa va vad pl vas" additionalFields="vasph vaaph sg vadph sgph ve vaph plph" multiFields="vasph vaaph sg vadph sgph ve vaph plph" uniqueFields="sg vaa va vad pl vas"/>
</hierarchy>

<!--=====================================================================
Field Descriptions
===================================================================== -->
<fieldDescriptions>
<field sfm="lx" name="Lexeme Form" type="string" lang="Vernacular" >
<meaning app="fw.sil.org" id="lex"/>
</field>
<field sfm="ph" name="Lexeme Form" type="string" lang="NkonyaPhonetic" >
<meaning app="fw.sil.org" id="lex"/>
</field>
<field sfm="sn" name="Sense Number" type="string" lang="English" >
<meaning app="fw.sil.org" id="sn"/>
</field>
<field sfm="ps" name="Category (Part Of Speech)" type="string" lang="English" abbr="True" >
<meaning app="fw.sil.org" id="pos"/>
</field>
<field sfm="ge" name="Gloss" type="string" lang="English" >
<meaning app="fw.sil.org" id="glos"/>
</field>
<field sfm="is" name="Semantic Domain" type="string" lang="English" abbr="True" >
<meaning app="fw.sil.org" id="sem"/>
</field>
<field sfm="de" name="Definition" type="string" lang="English" >
<meaning app="fw.sil.org" id="def"/>
</field>
<field sfm="rf" name="Reference" type="string" lang="English" >
<meaning app="fw.sil.org" id="ref"/>
</field>
<field sfm="xv" name="Example" type="string" lang="Vernacular" >
<meaning app="fw.sil.org" id="sent"/>
</field>
<field sfm="xe" name="Example Translation" type="string" lang="English" >
<meaning app="fw.sil.org" id="trans"/>
</field>
<field sfm="dt" name="Date Modified" type="date" lang="English" >
<meaning app="fw.sil.org" id="mod"/>
</field>
<field sfm="hm" name="Homograph Number" type="string" lang="English" >
<meaning app="fw.sil.org" id="hom"/>
</field>
<field sfm="np" name="Phonology Note" type="string" lang="Vernacular" >
<meaning app="fw.sil.org" id="pnote"/>
</field>
<field sfm="xl" name="Example Translation" type="string" lang="English" >
<meaning app="fw.sil.org" id="trans"/>
</field>
<field sfm="ng" name="Grammar Note" type="string" lang="Vernacular" >
<meaning app="fw.sil.org" id="grnote"/>
</field>
<field sfm="cf" name="Lexical Relation" type="string" lang="Vernacular" >
<meaning app="fw.sil.org" id="lxrel" funcWS="en" func="Compare (sense)"/>
</field>
<field sfm="na" name="Anthro Note" type="string" lang="Vernacular" >
<meaning app="fw.sil.org" id="anote"/>
</field>
<field sfm="bwl" name="Etymology Source Language" type="string" lang="English" abbr="False" >
<meaning app="fw.sil.org" id="etsl"/>
</field>
<field sfm="bwf" name="Etymology Source Form" type="string" lang="Vernacular" >
<meaning app="fw.sil.org" id="etf"/>
</field>
<field sfm="bwc" name="Etymology Note" type="string" lang="Vernacular" >
<meaning app="fw.sil.org" id="etc"/>
</field>
<field sfm="pl" name="Variant Form" type="string" lang="Vernacular" >
<meaning app="fw.sil.org" id="var" funcWS="en" func="Plural"/>
</field>
<field sfm="plph" name="Import Residue (Variant)" type="string" lang="NkonyaPhonetic" >
<meaning app="fw.sil.org" id="veires"/>
</field>
<field sfm="nt" name="General Note" type="string" lang="Vernacular" >
<meaning app="fw.sil.org" id="gnote"/>
</field>
<field sfm="ns" name="Sociolinguistics Note" type="string" lang="Vernacular" >
<meaning app="fw.sil.org" id="slnote"/>
</field>
<field sfm="mn" name="Main Entry/Sense Reference" type="string" lang="Vernacular" >
<meaning app="fw.sil.org" id="meref"/>
</field>
<field sfm="ctyp" name="Import Residue (Sense)" type="string" lang="English" >
<meaning app="fw.sil.org" id="sires"/>
</field>
<field sfm="bb" name="Bibliography (Sense)" type="string" lang="English" >
<meaning app="fw.sil.org" id="sbib"/>
</field>
<field sfm="vas" name="Variant Form" type="string" lang="Vernacular" >
<meaning app="fw.sil.org" id="var" funcWS="en" func="Spelling Variant"/>
</field>
<field sfm="vasph" name="Import Residue (Variant)" type="string" lang="NkonyaPhonetic" >
<meaning app="fw.sil.org" id="veires"/>
</field>
<field sfm="lt" name="Literal Meaning" type="string" lang="English" >
<meaning app="fw.sil.org" id="litm"/>
</field>
<field sfm="sc" name="Scientific Name" type="string" lang="English" >
<meaning app="fw.sil.org" id="sci"/>
</field>
<field sfm="nq" name="Note" type="string" lang="Vernacular" >
<meaning app="fw.sil.org" id="com"/>
</field>
<field sfm="ee" name="Encyclopedic Info" type="string" lang="Vernacular" >
<meaning app="fw.sil.org" id="enc"/>
</field>
<field sfm="sg" name="Variant Form" type="string" lang="Vernacular" >
<meaning app="fw.sil.org" id="var" funcWS="en" func="Singular"/>
</field>
<field sfm="sgph" name="Import Residue (Variant)" type="string" lang="NkonyaPhonetic" >
<meaning app="fw.sil.org" id="veires"/>
</field>
<field sfm="sy" name="Lexical Relation" type="string" lang="Vernacular" >
<meaning app="fw.sil.org" id="lxrel" funcWS="en" func="Synonyms"/>
</field>
<field sfm="sephv" name="Subentry/Complex Form" type="string" lang="Vernacular" >
<meaning app="fw.sil.org" id="sub" funcWS="en" func="Phrasal Verb"/>
</field>
<field sfm="vad" name="Variant Form" type="string" lang="Vernacular" >
<meaning app="fw.sil.org" id="var" funcWS="en" func="Dialectal Variant"/>
</field>
<field sfm="vadph" name="Import Residue (Variant)" type="string" lang="NkonyaPhonetic" >
<meaning app="fw.sil.org" id="veires"/>
</field>
<field sfm="ve" name="Comment (Variant)" type="string" lang="English" >
<meaning app="fw.sil.org" id="varc"/>
</field>
<field sfm="ec" name="Etymology Note" type="string" lang="Vernacular" >
<meaning app="fw.sil.org" id="etc"/>
</field>
<field sfm="secmpd" name="Subentry/Complex Form" type="string" lang="Vernacular" >
<meaning app="fw.sil.org" id="sub" funcWS="en" func="Compound"/>
</field>
<field sfm="ue" name="Usages" type="string" lang="English" abbr="False" >
<meaning app="fw.sil.org" id="utyp"/>
</field>
<field sfm="va" name="Variant Form" type="string" lang="Vernacular" >
<meaning app="fw.sil.org" id="var" funcWS="en" func="Unspecified Variant"/>
</field>
<field sfm="vaph" name="Import Residue (Variant)" type="string" lang="NkonyaPhonetic" >
<meaning app="fw.sil.org" id="veires"/>
</field>
<field sfm="seder" name="Subentry/Complex Form" type="string" lang="Vernacular" >
<meaning app="fw.sil.org" id="sub" funcWS="en" func="Derivative"/>
</field>
<field sfm="secmpx" name="Subentry/Complex Form" type="string" lang="Vernacular" >
<meaning app="fw.sil.org" id="sub" funcWS="en" func="Unspecified Complex Form"/>
</field>
<field sfm="vaa" name="Variant Form" type="string" lang="Vernacular" >
<meaning app="fw.sil.org" id="var" funcWS="en" func="Allophonic Variant"/>
</field>
<field sfm="vaaph" name="Import Residue (Variant)" type="string" lang="NkonyaPhonetic" >
<meaning app="fw.sil.org" id="veires"/>
</field>
<field sfm="an" name="Lexical Relation" type="string" lang="Vernacular" >
<meaning app="fw.sil.org" id="lxrel" funcWS="en" func="Antonym"/>
</field>
<field sfm="seid" name="Subentry/Complex Form" type="string" lang="Vernacular" >
<meaning app="fw.sil.org" id="sub" funcWS="en" func="Idiom"/>
</field>
<field sfm="lf" name="Import Residue (Sense)" type="string" lang="Vernacular" >
<meaning app="fw.sil.org" id="sires"/>
</field>
<field sfm="seundef" name="Subentry/Complex Form" type="string" lang="Vernacular" >
<meaning app="fw.sil.org" id="sub" funcWS="en" func="Unspecified Complex Form"/>
</field>
</fieldDescriptions>

<!--=====================================================================
In Field Markers
===================================================================== -->
<inFieldMarkers>
</inFieldMarkers>

<!--=====================================================================
Custom Field Descriptions
===================================================================== -->
<CustomFieldDescriptions>
</CustomFieldDescriptions>
</sfmMapping>
